---
source: tests/ui_folder.rs
expression: "h.screen(100, 34)"
---
 restoric  ~/dev/project/src                                                   ◀ version 15 of 15 ▶
  Jul 2026        Aug                         Sep                              now
  ● ·   ·  ● ● ●  · ●   ●  ●·    ● ·  ● ·  ·    ●· ·●·● · ● ·  ·●  · ·● ·  ·  ┊ ● src/
  • ·   ·  · · •  · •   ·  ··    · ·  · ·  ·    ·· ·•·· · · ·  ··  · ·· ·  ·  ┊ · api/
                                                                      ▲                    − 1× +
             ╭─ Help ─────────────────────────────────────────────────────────────────╮
 now  ~1 unsa│                                                                        │
   ┄ 2 unchan│  Folder view                                                           │
▶Sep 27 08:52│  j k  gg G  C-d C-u     move, top, bottom, half page                   │
   ┄ 2 unchan│  h l  - ⏎               parent / open (a file opens its versions)      │
 Sep 20 20:35│  H L  ← →               older / newer change in this folder            │
   ┄ 2 unchan│  [ ]   { }              every snapshot / changes of the selected item  │
 Sep 13 20:51│  ⇥  J K                 preview: content or diff vs disk, scroll       │
   ┄ 1 unchan│  ␣  v                   select / visual select                         │
 Sep 09 19:23│  y  p  P                yank, restore next to it, overwrite            │
   ┄ 1 unchan│  r  d                   restore options / full-screen diff             │
 Sep 06 18:03│  cc cd cf               copy snapshot:path, folder, name               │
   ┄ 2 unchan│  / n N   f              search / next, previous / filter               │
 Sep 02 20:16│  .  zh   zi zo          show deleted items / zoom timeline             │
   ┄ 2 unchan│  gh   3H 5j             backup root / counts with motions              │
 Aug 22 11:59│                                                                        │
   ┄ 1 unchan│  Commands                                                              │
 Aug 17 16:04│  :sep 1  :2026-09-01    jump to a date (:yesterday :3d :2w)            │
   ┄ 1 unchan│  :find NAME   s         search every snapshot for a name               │
 Aug 10 15:44│  :latest :oldest :undo                                                 │
 Aug 07 08:15│                                                                        │
 Aug 03 16:19│  Diff  ]c [c or n N changes · c vs disk · p vs previous                │
   ┄ 1 unchan│  Press any key to close                                                │
 Jul 28 15:59╰────────────────────────────────────────────────────────────────────────╯
 Jul 26 11:57 ~1      │                                   │
 Jul 24 12:16 ~1      │                                   │
   ┄ 2 unchanged ┄    │                                   │
 Jul 14 09:00 +7      │   2 deleted · . to show           │
 NOR  Sep 27 08:52  c177b849  src/ ~1                                                   1/6  ? help
