---
source: tests/ui_nav.rs
expression: "h.screen(100, 12)"
---
 restoric  ~/dev/project/src                                                   ◀ version 15 of 15 ▶
  Sep 22                                   28                    Oct           now
‹         ·                ·           ●              ·                     › ┊ ● src/
‹         ·                ·           ·              ·                     › ┊ · api/
                                       ▲                                                   − 8× +

 now  ~1 unsaved      │   ..                              │ api/
   ┄ 2 unchanged ┄    │ ▸ api/                            │
▶Sep 27 08:52 ~1      │ ▸ models/                         │ ◇ handlers.go
   ┄ 2 unchanged ┄    │ ◇ config.go           96 B        │ ◇ middleware.go
 Sep 20 20:35 ~1      │ ◇ main.go            108 B        │ ◇ routes.go
 NOR  Sep 27 08:52  c177b849  src/ ~1                                                   1/6  ? help
